[12:23:52.694] [32mINFO[39m (23136): [36mServer listening[39m
    [35mport[39m: 8080
[12:24:19.703] [32mINFO[39m (23136): [36mrequest completed[39m
    [35mreq[39m: {
      "id": 5,
      "method": "GET",
      "url": "/api/dashboard/user-growth"
    }
    [35mres[39m: {
      "statusCode": 200
    }
    [35mresponseTime[39m: 3
[12:24:19.719] [32mINFO[39m (23136): [36mrequest completed[39m
    [35mreq[39m: {
      "id": 6,
      "method": "GET",
      "url": "/api/dashboard/sales"
    }
    [35mres[39m: {
      "statusCode": 200
    }
    [35mresponseTime[39m: 1
[12:24:19.942] [32mINFO[39m (23136): [36mrequest completed[39m
    [35mreq[39m: {
      "id": 2,
      "method": "GET",
      "url": "/api/dashboard/stats"
    }
    [35mres[39m: {
      "statusCode": 200
    }
    [35mresponseTime[39m: 266
[12:24:19.943] [32mINFO[39m (23136): [36mrequest completed[39m
    [35mreq[39m: {
      "id": 4,
      "method": "GET",
      "url": "/api/dashboard/product-distribution"
    }
    [35mres[39m: {
      "statusCode": 200
    }
    [35mresponseTime[39m: 260
[12:24:19.945] [32mINFO[39m (23136): [36mrequest completed[39m
    [35mreq[39m: {
      "id": 3,
      "method": "GET",
      "url": "/api/dashboard/activity"
    }
    [35mres[39m: {
      "statusCode": 200
    }
    [35mresponseTime[39m: 265
[12:24:19.950] [32mINFO[39m (23136): [36mrequest completed[39m
    [35mreq[39m: {
      "id": 1,
      "method": "GET",
      "url": "/api/users"
    }
    [35mres[39m: {
      "statusCode": 200
    }
    [35mresponseTime[39m: 279
[12:24:29.317] [32mINFO[39m (23136): [36mrequest completed[39m
    [35mreq[39m: {
      "id": 9,
      "method": "GET",
      "url": "/api/dashboard/activity"
    }
    [35mres[39m: {
      "statusCode": 200
    }
    [35mresponseTime[39m: 185
[12:24:29.374] [32mINFO[39m (23136): [36mrequest completed[39m
    [35mreq[39m: {
      "id": 10,
      "method": "GET",
      "url": "/api/dashboard/product-distribution"
    }
    [35mres[39m: {
      "statusCode": 200
    }
    [35mresponseTime[39m: 219
[12:24:29.375] [32mINFO[39m (23136): [36mrequest completed[39m
    [35mreq[39m: {
      "id": 7,
      "method": "GET",
      "url": "/api/dashboard/stats"
    }
    [35mres[39m: {
      "statusCode": 200
    }
    [35mresponseTime[39m: 269
[12:24:29.387] [32mINFO[39m (23136): [36mrequest completed[39m
    [35mreq[39m: {
      "id": 8,
      "method": "GET",
      "url": "/api/users"
    }
    [35mres[39m: {
      "statusCode": 200
    }
    [35mresponseTime[39m: 276
[12:24:42.779] [32mINFO[39m (23136): [36mrequest completed[39m
    [35mreq[39m: {
      "id": 11,
      "method": "GET",
      "url": "/api/users"
    }
    [35mres[39m: {
      "statusCode": 200
    }
    [35mresponseTime[39m: 182
[12:24:50.476] [32mINFO[39m (23136): [36mrequest completed[39m
    [35mreq[39m: {
      "id": 12,
      "method": "GET",
      "url": "/api/users"
    }
    [35mres[39m: {
      "statusCode": 304
    }
    [35mresponseTime[39m: 178
[12:25:02.209] [32mINFO[39m (23136): [36mrequest completed[39m
    [35mreq[39m: {
      "id": 13,
      "method": "GET",
      "url": "/api/products"
    }
    [35mres[39m: {
      "statusCode": 200
    }
    [35mresponseTime[39m: 198
[12:25:04.483] [32mINFO[39m (23136): [36mrequest completed[39m
    [35mreq[39m: {
      "id": 14,
      "method": "GET",
      "url": "/api/posts"
    }
    [35mres[39m: {
      "statusCode": 200
    }
    [35mresponseTime[39m: 103
[12:25:06.766] [32mINFO[39m (23136): [36mrequest completed[39m
    [35mreq[39m: {
      "id": 16,
      "method": "GET",
      "url": "/api/dashboard/sales"
    }
    [35mres[39m: {
      "statusCode": 200
    }
    [35mresponseTime[39m: 0
[12:25:06.770] [32mINFO[39m (23136): [36mrequest completed[39m
    [35mreq[39m: {
      "id": 18,
      "method": "GET",
      "url": "/api/dashboard/user-growth"
    }
    [35mres[39m: {
      "statusCode": 200
    }
    [35mresponseTime[39m: 0
[12:25:06.949] [32mINFO[39m (23136): [36mrequest completed[39m
    [35mreq[39m: {
      "id": 19,
      "method": "GET",
      "url": "/api/dashboard/product-distribution"
    }
    [35mres[39m: {
      "statusCode": 200
    }
    [35mresponseTime[39m: 176
[12:25:06.957] [32mINFO[39m (23136): [36mrequest completed[39m
    [35mreq[39m: {
      "id": 17,
      "method": "GET",
      "url": "/api/dashboard/activity"
    }
    [35mres[39m: {
      "statusCode": 200
    }
    [35mresponseTime[39m: 190
[12:25:07.001] [32mINFO[39m (23136): [36mrequest completed[39m
    [35mreq[39m: {
      "id": 15,
      "method": "GET",
      "url": "/api/dashboard/stats"
    }
    [35mres[39m: {
      "statusCode": 200
    }
    [35mresponseTime[39m: 244
[12:25:14.692] [32mINFO[39m (23136): [36mrequest completed[39m
    [35mreq[39m: {
      "id": 20,
      "method": "GET",
      "url": "/api/users"
    }
    [35mres[39m: {
      "statusCode": 304
    }
    [35mresponseTime[39m: 168
[12:25:20.436] [32mINFO[39m (23136): [36mrequest completed[39m
    [35mreq[39m: {
      "id": 22,
      "method": "GET",
      "url": "/api/dashboard/sales"
    }
    [35mres[39m: {
      "statusCode": 200
    }
    [35mresponseTime[39m: 1
[12:25:20.440] [32mINFO[39m (23136): [36mrequest completed[39m
    [35mreq[39m: {
      "id": 24,
      "method": "GET",
      "url": "/api/dashboard/user-growth"
    }
    [35mres[39m: {
      "statusCode": 200
    }
    [35mresponseTime[39m: 1
[12:25:20.637] [32mINFO[39m (23136): [36mrequest completed[39m
    [35mreq[39m: {
      "id": 23,
      "method": "GET",
      "url": "/api/dashboard/activity"
    }
    [35mres[39m: {
      "statusCode": 304
    }
    [35mresponseTime[39m: 201
[12:25:20.696] [32mINFO[39m (23136): [36mrequest completed[39m
    [35mreq[39m: {
      "id": 21,
      "method": "GET",
      "url": "/api/dashboard/stats"
    }
    [35mres[39m: {
      "statusCode": 304
    }
    [35mresponseTime[39m: 269
[12:25:20.705] [32mINFO[39m (23136): [36mrequest completed[39m
    [35mreq[39m: {
      "id": 25,
      "method": "GET",
      "url": "/api/dashboard/product-distribution"
    }
    [35mres[39m: {
      "statusCode": 304
    }
    [35mresponseTime[39m: 264
[12:25:25.065] [32mINFO[39m (23136): [36mrequest completed[39m
    [35mreq[39m: {
      "id": 26,
      "method": "GET",
      "url": "/api/users"
    }
    [35mres[39m: {
      "statusCode": 304
    }
    [35mresponseTime[39m: 200
[12:25:29.625] [32mINFO[39m (23136): [36mrequest completed[39m
    [35mreq[39m: {
      "id": 27,
      "method": "DELETE",
      "url": "/api/users/3"
    }
    [35mres[39m: {
      "statusCode": 204
    }
    [35mresponseTime[39m: 171
[12:25:29.711] [32mINFO[39m (23136): [36mrequest completed[39m
    [35mreq[39m: {
      "id": 28,
      "method": "GET",
      "url": "/api/users"
    }
    [35mres[39m: {
      "statusCode": 200
    }
    [35mresponseTime[39m: 80
[12:25:32.128] [32mINFO[39m (23136): [36mrequest completed[39m
    [35mreq[39m: {
      "id": 30,
      "method": "GET",
      "url": "/api/dashboard/sales"
    }
    [35mres[39m: {
      "statusCode": 200
    }
    [35mresponseTime[39m: 0
[12:25:32.133] [32mINFO[39m (23136): [36mrequest completed[39m
    [35mreq[39m: {
      "id": 32,
      "method": "GET",
      "url": "/api/dashboard/user-growth"
    }
    [35mres[39m: {
      "statusCode": 200
    }
    [35mresponseTime[39m: 1
[12:25:32.300] [32mINFO[39m (23136): [36mrequest completed[39m
    [35mreq[39m: {
      "id": 31,
      "method": "GET",
      "url": "/api/dashboard/activity"
    }
    [35mres[39m: {
      "statusCode": 304
    }
    [35mresponseTime[39m: 171
[12:25:32.306] [32mINFO[39m (23136): [36mrequest completed[39m
    [35mreq[39m: {
      "id": 33,
      "method": "GET",
      "url": "/api/dashboard/product-distribution"
    }
    [35mres[39m: {
      "statusCode": 304
    }
    [35mresponseTime[39m: 171
[12:25:32.309] [32mINFO[39m (23136): [36mrequest completed[39m
    [35mreq[39m: {
      "id": 29,
      "method": "GET",
      "url": "/api/dashboard/stats"
    }
    [35mres[39m: {
      "statusCode": 200
    }
    [35mresponseTime[39m: 185
[12:25:35.112] [32mINFO[39m (23136): [36mrequest completed[39m
    [35mreq[39m: {
      "id": 34,
      "method": "GET",
      "url": "/api/users"
    }
    [35mres[39m: {
      "statusCode": 304
    }
    [35mresponseTime[39m: 90
[12:25:47.889] [32mINFO[39m (23136): [36mrequest completed[39m
    [35mreq[39m: {
      "id": 35,
      "method": "PATCH",
      "url": "/api/users/2"
    }
    [35mres[39m: {
      "statusCode": 200
    }
    [35mresponseTime[39m: 459
[12:25:47.981] [32mINFO[39m (23136): [36mrequest completed[39m
    [35mreq[39m: {
      "id": 36,
      "method": "GET",
      "url": "/api/users"
    }
    [35mres[39m: {
      "statusCode": 200
    }
    [35mresponseTime[39m: 86
[12:25:52.325] [32mINFO[39m (23136): [36mrequest completed[39m
    [35mreq[39m: {
      "id": 37,
      "method": "GET",
      "url": "/api/products"
    }
    [35mres[39m: {
      "statusCode": 304
    }
    [35mresponseTime[39m: 159
[12:25:57.071] [32mINFO[39m (23136): [36mrequest completed[39m
    [35mreq[39m: {
      "id": 38,
      "method": "GET",
      "url": "/api/users"
    }
    [35mres[39m: {
      "statusCode": 304
    }
    [35mresponseTime[39m: 180
[12:26:07.659] [32mINFO[39m (23136): [36mrequest completed[39m
    [35mreq[39m: {
      "id": 39,
      "method": "POST",
      "url": "/api/users"
    }
    [35mres[39m: {
      "statusCode": 201
    }
    [35mresponseTime[39m: 595
[12:26:07.763] [32mINFO[39m (23136): [36mrequest completed[39m
    [35mreq[39m: {
      "id": 40,
      "method": "GET",
      "url": "/api/users"
    }
    [35mres[39m: {
      "statusCode": 200
    }
    [35mresponseTime[39m: 96
[12:26:10.537] [32mINFO[39m (23136): [36mrequest completed[39m
    [35mreq[39m: {
      "id": 42,
      "method": "GET",
      "url": "/api/dashboard/sales"
    }
    [35mres[39m: {
      "statusCode": 200
    }
    [35mresponseTime[39m: 0
[12:26:10.541] [32mINFO[39m (23136): [36mrequest completed[39m
    [35mreq[39m: {
      "id": 44,
      "method": "GET",
      "url": "/api/dashboard/user-growth"
    }
    [35mres[39m: {
      "statusCode": 200
    }
    [35mresponseTime[39m: 1
[12:26:10.697] [32mINFO[39m (23136): [36mrequest completed[39m
    [35mreq[39m: {
      "id": 45,
      "method": "GET",
      "url": "/api/dashboard/product-distribution"
    }
    [35mres[39m: {
      "statusCode": 304
    }
    [35mresponseTime[39m: 156
[12:26:10.698] [32mINFO[39m (23136): [36mrequest completed[39m
    [35mreq[39m: {
      "id": 43,
      "method": "GET",
      "url": "/api/dashboard/activity"
    }
    [35mres[39m: {
      "statusCode": 200
    }
    [35mresponseTime[39m: 160
[12:26:10.700] [32mINFO[39m (23136): [36mrequest completed[39m
    [35mreq[39m: {
      "id": 41,
      "method": "GET",
      "url": "/api/dashboard/stats"
    }
    [35mres[39m: {
      "statusCode": 200
    }
    [35mresponseTime[39m: 169
[12:26:12.013] [32mINFO[39m (23136): [36mrequest completed[39m
    [35mreq[39m: {
      "id": 46,
      "method": "GET",
      "url": "/api/customers"
    }
    [35mres[39m: {
      "statusCode": 200
    }
    [35mresponseTime[39m: 83
[12:26:25.034] [32mINFO[39m (23136): [36mrequest completed[39m
    [35mreq[39m: {
      "id": 47,
      "method": "POST",
      "url": "/api/customers"
    }
    [35mres[39m: {
      "statusCode": 201
    }
    [35mresponseTime[39m: 263
[12:26:25.125] [32mINFO[39m (23136): [36mrequest completed[39m
    [35mreq[39m: {
      "id": 48,
      "method": "GET",
      "url": "/api/customers"
    }
    [35mres[39m: {
      "statusCode": 200
    }
    [35mresponseTime[39m: 84
[12:26:28.330] [32mINFO[39m (23136): [36mrequest completed[39m
    [35mreq[39m: {
      "id": 49,
      "method": "GET",
      "url": "/api/posts"
    }
    [35mres[39m: {
      "statusCode": 304
    }
    [35mresponseTime[39m: 88
[12:26:33.391] [32mINFO[39m (23136): [36mrequest completed[39m
    [35mreq[39m: {
      "id": 50,
      "method": "DELETE",
      "url": "/api/posts/3"
    }
    [35mres[39m: {
      "statusCode": 204
    }
    [35mresponseTime[39m: 160
[12:26:33.479] [32mINFO[39m (23136): [36mrequest completed[39m
    [35mreq[39m: {
      "id": 51,
      "method": "GET",
      "url": "/api/posts"
    }
    [35mres[39m: {
      "statusCode": 200
    }
    [35mresponseTime[39m: 79
